// Jest Snapshot v1, https://jestjs.io/docs/snapshot-testing

exports[`Footer matches snapshot 1`] = `
<DocumentFragment>
  <footer
    class="bg-accent p-4"
  >
    <p
      class="text-center text-foreground"
    >
      © 2025 Cooking Book App. All rights reserved.
    </p>
  </footer>
</DocumentFragment>
`;
